-bash: firebase: command not found
